[2026-08-03T12:13:41.006330] Starting Experiment 2
Model: granite3.1-dense:2b, N=20 per phase, Total=80
Estimated time: ~2.2 hours

==================================================
Phase: baseline
==================================================
  [ 1/20] (1/80) N=1 S=1 E=0 T=2 elapsed=0.6m eta=0.7h | Upon this maritime island, I observe a harmonious blend of nature and ...
  [ 2/20] (2/80) N=1 S=1 E=0 T=2 elapsed=3.9m eta=2.5h | Surrounded by the rugged beauty of this maritime island, I perceive a ...
  [ 3/20] (3/80) N=1 S=1 E=0 T=2 elapsed=6.2m eta=2.6h | Surrounded by the picturesque charm of this maritime island, I perceiv...
  [ 4/20] (4/80) N=1 S=1 E=0 T=2 elapsed=8.9m eta=2.8h | Upon this maritime island, I notice various structures such as lightho...
  [ 5/20] (5/80) N=1 S=1 E=1 T=3 elapsed=10.4m eta=2.6h | Surrounded by an island, I observe diverse marine-inspired structures ...
  [ 6/20] (6/80) N=1 S=1 E=0 T=2 elapsed=13.8m eta=2.8h | Surrounded by captivating maritime structures, I perceive an array of ...
  [ 7/20] (7/80) N=1 S=1 E=0 T=2 elapsed=18.4m eta=3.2h | On this maritime island, I notice diverse structures such as lighthous...
    retry 1: Remote end closed connection without response
  [ 8/20] (8/80) N=1 S=1 E=0 T=2 elapsed=22.2m eta=3.3h | I perceive towers, possibly lighthouses or communication structures, s...
    retry 1: Remote end closed connection without response
    retry 2: [Errno 104] Connection reset by peer
  [ 9/20] (9/80) N=1 S=1 E=0 T=2 elapsed=25.8m eta=3.4h | As I stand on this maritime island, I'm struck by the rugged beauty of...
    retry 1: Remote end closed connection without response
    retry 2: <urlopen error [Errno 111] Connection refused>
